2026-06-14 02:11:45,651 [INFO] precisionphage.data.load - [load] kept 8849/8849 rows from studies ['NCBI_HR', 'NahantCollection', 'StaphStudy']
2026-06-14 02:11:45,714 [INFO] precisionphage.data.load - [load] canonical pairs=8849 pos=2770 neg=6079 phages=2331 hosts=387 species=380 genera=122 conflicts=0
2026-06-14 02:11:46,300 [INFO] precisionphage.data.genomes - [genomes] indexed 2184 FASTA files across 1 dir(s)
2026-06-14 02:11:46,407 [INFO] precisionphage.data.genomes - [genomes] indexed 415 FASTA files across 1 dir(s)
2026-06-14 02:11:46,667 [INFO] precisionphage.features.assembly - [assembly] covered subset: 1947 pairs (pos=1488 neg=459) over 1418 phages, 323 hosts
2026-06-14 02:12:01,411 [INFO] precisionphage.features.genomic - [features] node matrix (1418, 212); genomes present for 1418/1418 entities (8 workers)
2026-06-14 02:14:05,910 [INFO] precisionphage.features.genomic - [features] node matrix (323, 212); genomes present for 323/323 entities (8 workers)
2026-06-14 02:14:06,042 [INFO] precisionphage.features.assembly - [assembly] merged seq pair features (16 cols) from cache
2026-06-14 02:14:06,042 [INFO] precisionphage.features.assembly - [assembly] edge dim=24 (['cos_dist', 'l1', 'pearson', 'jaccard', 'k3dist', 'k6dist', 'GCdiff', 'Homology', 'hom16_frac_kmers', 'hom16_cov_frac', 'hom16_log_shared', 'hom16_longest_frac', 'hom20_frac_kmers', 'hom20_cov_frac', 'hom20_log_shared', 'hom20_longest_frac', 'crispr_n_spacers', 'crispr_n_hits', 'crispr_best_frac', 'crispr_has_hit', 'prot_frac_kmers', 'prot_cov_frac', 'prot_log_shared', 'prot_longest_frac'])
2026-06-14 02:14:06,061 [INFO] cocktail - Generating leakage-free OOF GBM predictions (grouped by host cluster)
2026-06-14 02:15:03,766 [INFO] cocktail - OOF F1-optimal threshold = 0.400 (F1=0.953)
2026-06-14 02:15:03,888 [INFO] cocktail - panel: 1418 phages x 323 hosts; coverable targets=230
2026-06-14 02:15:04,164 [INFO] cocktail - coverage-vs-size (TRUE coverage of 230 targets):
2026-06-14 02:15:04,164 [INFO] cocktail -   reach 50%: greedy=81  oracle=73  random(mean)=None
2026-06-14 02:15:04,164 [INFO] cocktail -   reach 80%: greedy=154  oracle=142  random(mean)=None
2026-06-14 02:15:04,164 [INFO] cocktail -   reach 90%: greedy=178  oracle=165  random(mean)=None
2026-06-14 02:15:04,164 [INFO] cocktail -   reach 95%: greedy=None  oracle=177  random(mean)=None
2026-06-14 02:15:04,270 [INFO] cocktail - MIN COCKTAIL for full predicted-cover of coverable targets:
2026-06-14 02:15:04,271 [INFO] cocktail -   greedy : size=180  true-coverage=0.909
2026-06-14 02:15:04,272 [INFO] cocktail -   ILP    : size=180  true-coverage=0.922
2026-06-14 02:15:04,276 [INFO] cocktail -   ILP(oracle on truth): size=188 (theoretical minimum)
2026-06-14 02:15:04,588 [INFO] cocktail - ROBUSTNESS (k-redundant greedy cocktails):
 k  cocktail_size  true_cover_>=1  true_cover_>=k
 1            180           0.909           0.909
 2            291           0.952           0.470
 3            372           0.978           0.335
2026-06-14 02:15:05,260 [INFO] cocktail - MAX-COVERAGE under budget (ILP vs greedy, TRUE coverage):
 budget  ilp_true_coverage  greedy_true_coverage
      5              0.130                 0.130
     10              0.165                 0.191
     20              0.235                 0.243
     30              0.278                 0.287
2026-06-14 02:15:06,601 [INFO] cocktail - Wrote figure /remote/amscae5/amscae18/Orion/himanshu/CursorProjects/Phage/full_pipeline/data/results_v2/cocktail_coverage.png
2026-06-14 02:15:06,602 [INFO] cocktail - Wrote cocktail_curve.csv + cocktail_*.csv + cocktail_summary.json
