2026-06-14 01:49:38,195 [INFO] precisionphage.data.load - [load] kept 8849/8849 rows from studies ['NCBI_HR', 'NahantCollection', 'StaphStudy']
2026-06-14 01:49:38,259 [INFO] precisionphage.data.load - [load] canonical pairs=8849 pos=2770 neg=6079 phages=2331 hosts=387 species=380 genera=122 conflicts=0
2026-06-14 01:49:39,011 [INFO] precisionphage.data.genomes - [genomes] indexed 2184 FASTA files across 1 dir(s)
2026-06-14 01:49:39,146 [INFO] precisionphage.data.genomes - [genomes] indexed 415 FASTA files across 1 dir(s)
2026-06-14 01:49:39,417 [INFO] precisionphage.features.assembly - [assembly] covered subset: 1947 pairs (pos=1488 neg=459) over 1418 phages, 323 hosts
2026-06-14 01:49:54,032 [INFO] precisionphage.features.genomic - [features] node matrix (1418, 212); genomes present for 1418/1418 entities (8 workers)
2026-06-14 01:51:57,088 [INFO] precisionphage.features.genomic - [features] node matrix (323, 212); genomes present for 323/323 entities (8 workers)
2026-06-14 01:51:57,228 [INFO] precisionphage.features.assembly - [assembly] merged seq pair features (16 cols) from cache
2026-06-14 01:51:57,228 [INFO] precisionphage.features.assembly - [assembly] edge dim=24 (['cos_dist', 'l1', 'pearson', 'jaccard', 'k3dist', 'k6dist', 'GCdiff', 'Homology', 'hom16_frac_kmers', 'hom16_cov_frac', 'hom16_log_shared', 'hom16_longest_frac', 'hom20_frac_kmers', 'hom20_cov_frac', 'hom20_log_shared', 'hom20_longest_frac', 'crispr_n_spacers', 'crispr_n_hits', 'crispr_best_frac', 'crispr_has_hit', 'prot_frac_kmers', 'prot_cov_frac', 'prot_log_shared', 'prot_longest_frac'])
2026-06-14 01:56:18,078 [INFO] gnn_ablation - [loso_species] pooled n=1057 (pos=804) collected
2026-06-14 02:00:53,902 [INFO] gnn_ablation - [host_cluster] pooled n=1082 (pos=826) collected
2026-06-14 02:05:03,114 [INFO] gnn_ablation - [phage_cluster] pooled n=384 (pos=140) collected
2026-06-14 02:06:52,467 [INFO] gnn_ablation - [combined_unseen] pooled n=398 (pos=294) collected
2026-06-14 02:06:52,555 [INFO] gnn_ablation - AUC + ECE by model:
         regime       model    auc  auc_lo  auc_hi    ece
   loso_species         GBM 0.9598  0.9458  0.9737 0.0241
   loso_species   GNN_graph 0.8703  0.8426  0.8979 0.4881
   loso_species GNN_nograph 0.8703  0.8445  0.8961 0.0898
   host_cluster         GBM 0.9536  0.9379  0.9694 0.0470
   host_cluster   GNN_graph 0.8658  0.8380  0.8936 0.5003
   host_cluster GNN_nograph 0.8721  0.8472  0.8970 0.1070
  phage_cluster         GBM 0.8531  0.8151  0.8912 0.4237
  phage_cluster   GNN_graph 0.5753  0.5158  0.6347 0.4007
  phage_cluster GNN_nograph 0.7086  0.6567  0.7605 0.4015
combined_unseen         GBM 0.7804  0.7290  0.8317 0.1661
combined_unseen   GNN_graph 0.6296  0.5645  0.6947 0.2968
combined_unseen GNN_nograph 0.6415  0.5753  0.7077 0.1839
2026-06-14 02:06:52,559 [INFO] gnn_ablation - GRAPH CONTRIBUTION (GNN graph vs no-graph) + GBM vs GNN, BH-corrected:
         regime  auc_graph  auc_nograph  graph_gain  graph_delong_p  auc_gbm  gbm_minus_graph  gbm_delong_p  graph_q_bh  graph_helps_fdr05  gbm_q_bh
   loso_species     0.8703       0.8703     -0.0000          0.9972   0.9598           0.0895           0.0      0.9972              False       0.0
   host_cluster     0.8658       0.8721     -0.0063          0.6488   0.9536           0.0879           0.0      0.9314              False       0.0
  phage_cluster     0.5753       0.7086     -0.1333          0.0000   0.8531           0.2779           0.0      0.0000              False       0.0
combined_unseen     0.6296       0.6415     -0.0119          0.6986   0.7804           0.1507           0.0      0.9314              False       0.0
2026-06-14 02:06:52,559 [INFO] gnn_ablation - Wrote gnn_ablation_*.csv + gnn_ablation.json
