2026-06-13 02:32:55,729 [INFO] precisionphage.data.load - [load] kept 8849/8849 rows from studies ['NCBI_HR', 'NahantCollection', 'StaphStudy']
2026-06-13 02:32:55,782 [INFO] precisionphage.data.load - [load] canonical pairs=8849 pos=2770 neg=6079 phages=2331 hosts=387 species=380 genera=122 conflicts=0
2026-06-13 02:32:56,630 [INFO] precisionphage.data.genomes - [genomes] indexed 2184 FASTA files across 1 dir(s)
2026-06-13 02:32:56,781 [INFO] precisionphage.data.genomes - [genomes] indexed 415 FASTA files across 1 dir(s)
2026-06-13 02:32:57,006 [INFO] gnn_exp - Genome-covered subset: 1947 pairs (pos=1488 neg=459) over 1418 phages, 323 hosts
2026-06-13 02:32:57,008 [INFO] gnn_exp - By study:
study
NCBI_HR    1947
2026-06-13 02:32:57,015 [INFO] gnn_exp - Building node features ...
2026-06-13 02:33:06,263 [INFO] precisionphage.features.genomic - [features] node matrix (1418, 212); genomes present for 1418/1418 entities (8 workers)
2026-06-13 02:34:34,484 [INFO] precisionphage.features.genomic - [features] node matrix (323, 212); genomes present for 323/323 entities (8 workers)
2026-06-13 02:34:34,485 [INFO] gnn_exp - Node features: phages (1418, 212) (cov 1418), hosts (323, 212) (cov 323)
2026-06-13 02:34:34,485 [INFO] gnn_exp - Computing edge features ...
2026-06-13 02:34:34,571 [INFO] gnn_exp - Edge feature dim: 8 (4 recomputed + 4 VHI ['k3dist', 'k6dist', 'GCdiff', 'Homology'])
2026-06-13 02:34:34,590 [INFO] gnn_exp - [loso] 28 evaluable folds
2026-06-13 02:35:52,849 [INFO] gnn_exp - [loso/GBM] meanAUC=0.9028 (CI 0.8042-0.9732) pooledAUC=0.9589 pooledPR=0.9849 folds=28/28 ECE=0.026
2026-06-13 02:36:57,412 [INFO] gnn_exp - [loso/GNN] meanAUC=0.8765 (CI 0.7763-0.9539) pooledAUC=0.8935 pooledPR=0.9322 folds=28/28 ECE=0.623
2026-06-13 02:36:57,421 [INFO] gnn_exp - [logo] 28 evaluable folds
2026-06-13 02:38:14,762 [INFO] gnn_exp - [logo/GBM] meanAUC=0.8805 (CI 0.8229-0.9306) pooledAUC=0.9053 pooledPR=0.9496 folds=28/28 ECE=0.064
2026-06-13 02:39:19,165 [INFO] gnn_exp - [logo/GNN] meanAUC=0.7845 (CI 0.7023-0.8578) pooledAUC=0.7946 pooledPR=0.8910 folds=28/28 ECE=0.566
2026-06-13 02:39:19,168 [INFO] gnn_exp - Wrote /remote/amscae5/amscae18/Orion/himanshu/CursorProjects/Phage/full_pipeline/data/results_v2/gnn_results.json
2026-06-13 02:39:19,179 [INFO] gnn_exp - 
regime model  mean_auc  ci_lo  ci_hi  pooled_auc  pooled_pr    ece  folds_used
  loso   GBM    0.9028 0.8042 0.9732      0.9589     0.9849 0.0264          28
  loso   GNN    0.8765 0.7763 0.9539      0.8935     0.9322 0.6229          28
  logo   GBM    0.8805 0.8229 0.9306      0.9053     0.9496 0.0643          28
  logo   GNN    0.7845 0.7023 0.8578      0.7946     0.8910 0.5657          28
