2026-06-17 22:15:48,088 [INFO] precisionphage.data.load - [load] kept 8849/8849 rows from studies ['NCBI_HR', 'NahantCollection', 'StaphStudy']
2026-06-17 22:15:48,156 [INFO] precisionphage.data.load - [load] canonical pairs=8849 pos=2770 neg=6079 phages=2331 hosts=387 species=380 genera=122 conflicts=0
2026-06-17 22:15:50,147 [INFO] precisionphage.data.genomes - [genomes] indexed 2184 FASTA files across 1 dir(s)
2026-06-17 22:15:50,483 [INFO] precisionphage.data.genomes - [genomes] indexed 415 FASTA files across 1 dir(s)
2026-06-17 22:15:50,783 [INFO] precisionphage.features.assembly - [assembly] covered subset: 1947 pairs (pos=1488 neg=459) over 1418 phages, 323 hosts
2026-06-17 22:16:01,243 [INFO] precisionphage.features.genomic - [features] node matrix (1418, 212); genomes present for 1418/1418 entities (8 workers)
2026-06-17 22:18:12,351 [INFO] precisionphage.features.genomic - [features] node matrix (323, 212); genomes present for 323/323 entities (8 workers)
2026-06-17 22:18:12,469 [INFO] precisionphage.features.assembly - [assembly] merged seq pair features (16 cols) from cache
2026-06-17 22:18:12,469 [INFO] precisionphage.features.assembly - [assembly] edge dim=24 (['cos_dist', 'l1', 'pearson', 'jaccard', 'k3dist', 'k6dist', 'GCdiff', 'Homology', 'hom16_frac_kmers', 'hom16_cov_frac', 'hom16_log_shared', 'hom16_longest_frac', 'hom20_frac_kmers', 'hom20_cov_frac', 'hom20_log_shared', 'hom20_longest_frac', 'crispr_n_spacers', 'crispr_n_hits', 'crispr_best_frac', 'crispr_has_hit', 'prot_frac_kmers', 'prot_cov_frac', 'prot_log_shared', 'prot_longest_frac'])
2026-06-17 22:18:12,830 [INFO] phist_cmp - PHIST scored: 688/1947 covered pairs have >0 common 25-mers (35.3%)
2026-06-17 22:20:21,774 [INFO] phist_cmp - [loso_species] n=1057  GBM AUC=0.960  PHIST AUC=0.684  diff=0.276
2026-06-17 22:22:23,463 [INFO] phist_cmp - [host_cluster] n=1082  GBM AUC=0.954  PHIST AUC=0.681  diff=0.273
2026-06-17 22:24:16,073 [INFO] phist_cmp - [phage_cluster] n=384  GBM AUC=0.853  PHIST AUC=0.653  diff=0.200
2026-06-17 22:25:44,711 [INFO] phist_cmp - [combined_unseen] n=398  GBM AUC=0.780  PHIST AUC=0.681  diff=0.099
2026-06-17 22:25:44,752 [INFO] phist_cmp - SKILL (GBM vs PHIST):
         regime model    n    auc  auc_lo  auc_hi  auprc  perm_p  perm_q_bh
   loso_species   GBM 1057 0.9598  0.9458  0.9737 0.9849   0.001      0.001
   loso_species PHIST 1057 0.6841  0.6617  0.7064 0.8614   0.001      0.001
   host_cluster   GBM 1082 0.9536  0.9379  0.9694 0.9820   0.001      0.001
   host_cluster PHIST 1082 0.6807  0.6586  0.7028 0.8614   0.001      0.001
  phage_cluster   GBM  384 0.8531  0.8151  0.8912 0.7530   0.001      0.001
  phage_cluster PHIST  384 0.6535  0.6074  0.6996 0.5872   0.001      0.001
combined_unseen   GBM  398 0.7804  0.7290  0.8317 0.9030   0.001      0.001
combined_unseen PHIST  398 0.6815  0.6455  0.7174 0.8436   0.001      0.001
2026-06-17 22:25:44,756 [INFO] phist_cmp - COMPARISON (DeLong, BH):
         regime  auc_gbm  auc_phist  auc_diff  diff_lo  diff_hi  delong_z  delong_p  delong_q_bh  gbm_beats_phist_fdr05
   loso_species   0.9598     0.6841    0.2757   0.2518   0.3000   22.4012    0.0000       0.0000                   True
   host_cluster   0.9536     0.6807    0.2729   0.2478   0.2988   20.8430    0.0000       0.0000                   True
  phage_cluster   0.8531     0.6535    0.1996   0.1537   0.2449    8.7027    0.0000       0.0000                   True
combined_unseen   0.7804     0.6815    0.0989   0.0406   0.1555    3.3329    0.0009       0.0009                   True
2026-06-17 22:25:46,531 [INFO] phist_cmp - wrote fig_phist_compare.png
