2026-06-17 22:36:15,264 [INFO] precisionphage.data.load - [load] kept 8849/8849 rows from studies ['NCBI_HR', 'NahantCollection', 'StaphStudy']
2026-06-17 22:36:15,330 [INFO] precisionphage.data.load - [load] canonical pairs=8849 pos=2770 neg=6079 phages=2331 hosts=387 species=380 genera=122 conflicts=0
2026-06-17 22:36:16,347 [INFO] precisionphage.data.genomes - [genomes] indexed 2184 FASTA files across 1 dir(s)
2026-06-17 22:36:16,535 [INFO] precisionphage.data.genomes - [genomes] indexed 415 FASTA files across 1 dir(s)
2026-06-17 22:36:16,812 [INFO] precisionphage.features.assembly - [assembly] covered subset: 1947 pairs (pos=1488 neg=459) over 1418 phages, 323 hosts
2026-06-17 22:36:28,326 [INFO] precisionphage.features.genomic - [features] node matrix (1418, 212); genomes present for 1418/1418 entities (8 workers)
2026-06-17 22:38:18,512 [INFO] precisionphage.features.genomic - [features] node matrix (323, 212); genomes present for 323/323 entities (8 workers)
2026-06-17 22:38:18,622 [INFO] precisionphage.features.assembly - [assembly] merged seq pair features (16 cols) from cache
2026-06-17 22:38:18,623 [INFO] precisionphage.features.assembly - [assembly] edge dim=24 (['cos_dist', 'l1', 'pearson', 'jaccard', 'k3dist', 'k6dist', 'GCdiff', 'Homology', 'hom16_frac_kmers', 'hom16_cov_frac', 'hom16_log_shared', 'hom16_longest_frac', 'hom20_frac_kmers', 'hom20_cov_frac', 'hom20_log_shared', 'hom20_longest_frac', 'crispr_n_spacers', 'crispr_n_hits', 'crispr_best_frac', 'crispr_has_hit', 'prot_frac_kmers', 'prot_cov_frac', 'prot_log_shared', 'prot_longest_frac'])
2026-06-17 22:38:24,081 [INFO] rafah_style - [rafah] fingerprinted 300/1418 phages
2026-06-17 22:38:32,847 [INFO] rafah_style - [rafah] fingerprinted 600/1418 phages
2026-06-17 22:38:41,517 [INFO] rafah_style - [rafah] fingerprinted 900/1418 phages
2026-06-17 22:38:49,720 [INFO] rafah_style - [rafah] fingerprinted 1200/1418 phages
2026-06-17 22:39:00,523 [INFO] rafah_style - [rafah] computed phage fingerprints (1418, 65536) (mean density 0.444)
2026-06-17 22:42:10,933 [INFO] rafah_style - [loso_species] n=1057  GBM AUC=0.960  RaFAH-style AUC=0.601  diff=0.359
2026-06-17 22:45:10,773 [INFO] rafah_style - [host_cluster] n=1082  GBM AUC=0.954  RaFAH-style AUC=0.575  diff=0.378
2026-06-17 22:47:51,363 [INFO] rafah_style - [phage_cluster] n=384  GBM AUC=0.853  RaFAH-style AUC=0.780  diff=0.073
2026-06-17 22:48:57,648 [INFO] rafah_style - [combined_unseen] n=398  GBM AUC=0.780  RaFAH-style AUC=0.431  diff=0.350
2026-06-17 22:48:57,685 [INFO] rafah_style - SKILL (GBM vs RaFAH-style):
         regime       model    n    auc  auc_lo  auc_hi  auprc  perm_p  perm_q_bh
   loso_species         GBM 1057 0.9598  0.9458  0.9737 0.9849   0.001     0.0011
   loso_species RaFAH_style 1057 0.6012  0.5600  0.6424 0.7744   0.001     0.0011
   host_cluster         GBM 1082 0.9536  0.9379  0.9694 0.9820   0.001     0.0011
   host_cluster RaFAH_style 1082 0.5752  0.5355  0.6149 0.7694   0.001     0.0011
  phage_cluster         GBM  384 0.8531  0.8151  0.8912 0.7530   0.001     0.0011
  phage_cluster RaFAH_style  384 0.7798  0.7293  0.8304 0.6332   0.001     0.0011
combined_unseen         GBM  398 0.7804  0.7290  0.8317 0.9030   0.001     0.0011
combined_unseen RaFAH_style  398 0.4308  0.3695  0.4922 0.7125   0.986     0.9860
2026-06-17 22:48:57,689 [INFO] rafah_style - COMPARISON (DeLong, BH):
         regime  auc_gbm  auc_rafah  auc_diff  diff_lo  diff_hi  delong_z  delong_p  delong_q_bh  gbm_beats_rafah_fdr05
   loso_species   0.9598     0.6012    0.3586   0.3199   0.3978   18.0959    0.0000       0.0000                   True
   host_cluster   0.9536     0.5752    0.3784   0.3421   0.4147   20.5156    0.0000       0.0000                   True
  phage_cluster   0.8531     0.7798    0.0733   0.0103   0.1374    2.2654    0.0235       0.0235                   True
combined_unseen   0.7804     0.4308    0.3495   0.2732   0.4248    9.1586    0.0000       0.0000                   True
