2026-06-14 01:28:21,210 [INFO] precisionphage.data.load - [load] kept 8849/8849 rows from studies ['NCBI_HR', 'NahantCollection', 'StaphStudy']
2026-06-14 01:28:21,274 [INFO] precisionphage.data.load - [load] canonical pairs=8849 pos=2770 neg=6079 phages=2331 hosts=387 species=380 genera=122 conflicts=0
2026-06-14 01:28:21,876 [INFO] precisionphage.data.genomes - [genomes] indexed 2184 FASTA files across 1 dir(s)
2026-06-14 01:28:22,020 [INFO] precisionphage.data.genomes - [genomes] indexed 415 FASTA files across 1 dir(s)
2026-06-14 01:28:22,297 [INFO] precisionphage.features.assembly - [assembly] covered subset: 1947 pairs (pos=1488 neg=459) over 1418 phages, 323 hosts
2026-06-14 01:28:38,258 [INFO] precisionphage.features.genomic - [features] node matrix (1418, 212); genomes present for 1418/1418 entities (8 workers)
2026-06-14 01:30:51,486 [INFO] precisionphage.features.genomic - [features] node matrix (323, 212); genomes present for 323/323 entities (8 workers)
2026-06-14 01:30:51,609 [INFO] precisionphage.features.assembly - [assembly] merged seq pair features (16 cols) from cache
2026-06-14 01:30:51,609 [INFO] precisionphage.features.assembly - [assembly] edge dim=24 (['cos_dist', 'l1', 'pearson', 'jaccard', 'k3dist', 'k6dist', 'GCdiff', 'Homology', 'hom16_frac_kmers', 'hom16_cov_frac', 'hom16_log_shared', 'hom16_longest_frac', 'hom20_frac_kmers', 'hom20_cov_frac', 'hom20_log_shared', 'hom20_longest_frac', 'crispr_n_spacers', 'crispr_n_hits', 'crispr_best_frac', 'crispr_has_hit', 'prot_frac_kmers', 'prot_cov_frac', 'prot_log_shared', 'prot_longest_frac'])
2026-06-14 01:30:51,620 [INFO] significance - [clusters] loaded cached assignments from clusters_k21_d0.05.json
2026-06-14 01:34:36,313 [INFO] significance - [loso_species] pooled n=1057 (pos=804) collected
2026-06-14 01:37:52,467 [INFO] significance - [host_cluster] pooled n=1082 (pos=826) collected
2026-06-14 01:40:59,151 [INFO] significance - [phage_cluster] pooled n=384 (pos=140) collected
2026-06-14 01:42:05,043 [INFO] significance - [combined_unseen] pooled n=398 (pos=294) collected
2026-06-14 01:45:36,147 [INFO] significance - SKILL vs CHANCE (AUC CI + permutation, BH-corrected):
         regime model    auc  auc_lo  auc_hi    ece  perm_p  perm_q_bh  above_chance_fdr05
   loso_species   GBM 0.9598  0.9458  0.9737 0.0241   0.001      0.001                True
   loso_species   GNN 0.8793  0.8514  0.9071 0.5291   0.001      0.001                True
   host_cluster   GBM 0.9536  0.9379  0.9694 0.0470   0.001      0.001                True
   host_cluster   GNN 0.8776  0.8500  0.9052 0.5500   0.001      0.001                True
  phage_cluster   GBM 0.8531  0.8151  0.8912 0.4237   0.001      0.001                True
  phage_cluster   GNN 0.6046  0.5458  0.6634 0.4565   0.001      0.001                True
combined_unseen   GBM 0.7804  0.7290  0.8317 0.1661   0.001      0.001                True
combined_unseen   GNN 0.6207  0.5550  0.6864 0.4563   0.001      0.001                True
2026-06-14 01:45:36,151 [INFO] significance - MODEL COMPARISON GBM vs GNN (DeLong/McNemar, BH-corrected):
         regime  auc_gbm  auc_gnn  auc_diff  diff_lo  diff_hi  delong_z  delong_p  mcnemar_b  mcnemar_c  mcnemar_p  delong_q_bh  gbm_beats_gnn_fdr05
   loso_species   0.9598   0.8793    0.0805   0.0571   0.1043    6.6469       0.0        530         32     0.0000          0.0                 True
   host_cluster   0.9536   0.8776    0.0760   0.0531   0.1000    6.3870       0.0        552         25     0.0000          0.0                 True
  phage_cluster   0.8531   0.6046    0.2485   0.1951   0.3024    8.9914       0.0         76         74     0.9349          0.0                 True
combined_unseen   0.7804   0.6207    0.1596   0.0998   0.2201    5.1439       0.0        161         58     0.0000          0.0                 True
2026-06-14 01:45:36,151 [INFO] significance - Wrote significance_results.json + significance_*.csv
