2026-06-14 00:49:15,708 [INFO] precisionphage.data.load - [load] kept 8849/8849 rows from studies ['NCBI_HR', 'NahantCollection', 'StaphStudy']
2026-06-14 00:49:15,771 [INFO] precisionphage.data.load - [load] canonical pairs=8849 pos=2770 neg=6079 phages=2331 hosts=387 species=380 genera=122 conflicts=0
2026-06-14 00:49:16,687 [INFO] precisionphage.data.genomes - [genomes] indexed 2184 FASTA files across 1 dir(s)
2026-06-14 00:49:16,860 [INFO] precisionphage.data.genomes - [genomes] indexed 415 FASTA files across 1 dir(s)
2026-06-14 00:49:17,130 [INFO] precisionphage.features.assembly - [assembly] covered subset: 1947 pairs (pos=1488 neg=459) over 1418 phages, 323 hosts
2026-06-14 00:49:31,288 [INFO] precisionphage.features.genomic - [features] node matrix (1418, 212); genomes present for 1418/1418 entities (8 workers)
2026-06-14 00:51:34,880 [INFO] precisionphage.features.genomic - [features] node matrix (323, 212); genomes present for 323/323 entities (8 workers)
2026-06-14 00:51:34,991 [INFO] precisionphage.features.assembly - [assembly] merged seq pair features (12 cols) from cache
2026-06-14 00:51:34,991 [INFO] precisionphage.features.assembly - [assembly] edge dim=20 (['cos_dist', 'l1', 'pearson', 'jaccard', 'k3dist', 'k6dist', 'GCdiff', 'Homology', 'hom16_frac_kmers', 'hom16_cov_frac', 'hom16_log_shared', 'hom16_longest_frac', 'hom20_frac_kmers', 'hom20_cov_frac', 'hom20_log_shared', 'hom20_longest_frac', 'crispr_n_spacers', 'crispr_n_hits', 'crispr_best_frac', 'crispr_has_hit'])
2026-06-14 00:51:35,001 [INFO] significance - [clusters] loaded cached assignments from clusters_k21_d0.05.json
2026-06-14 00:58:39,128 [INFO] significance - [loso_species] pooled n=1057 (pos=804) collected
2026-06-14 01:05:30,621 [INFO] significance - [host_cluster] pooled n=1082 (pos=826) collected
2026-06-14 01:09:00,846 [INFO] significance - [phage_cluster] pooled n=384 (pos=140) collected
2026-06-14 01:10:58,544 [INFO] significance - [combined_unseen] pooled n=398 (pos=294) collected
2026-06-14 01:14:28,788 [INFO] significance - SKILL vs CHANCE (AUC CI + permutation, BH-corrected):
         regime model    auc  auc_lo  auc_hi    ece  perm_p  perm_q_bh  above_chance_fdr05
   loso_species   GBM 0.9529  0.9367  0.9690 0.0205   0.001      0.001                True
   loso_species   GNN 0.8837  0.8575  0.9099 0.4950   0.001      0.001                True
   host_cluster   GBM 0.9405  0.9225  0.9586 0.0379   0.001      0.001                True
   host_cluster   GNN 0.8622  0.8345  0.8900 0.5249   0.001      0.001                True
  phage_cluster   GBM 0.8143  0.7720  0.8567 0.2594   0.001      0.001                True
  phage_cluster   GNN 0.6935  0.6395  0.7475 0.4194   0.001      0.001                True
combined_unseen   GBM 0.7472  0.6945  0.8000 0.1615   0.001      0.001                True
combined_unseen   GNN 0.6451  0.5809  0.7092 0.4377   0.001      0.001                True
2026-06-14 01:14:28,792 [INFO] significance - MODEL COMPARISON GBM vs GNN (DeLong/McNemar, BH-corrected):
         regime  auc_gbm  auc_gnn  auc_diff  diff_lo  diff_hi  delong_z  delong_p  mcnemar_b  mcnemar_c  mcnemar_p  delong_q_bh  gbm_beats_gnn_fdr05
   loso_species   0.9529   0.8837    0.0692   0.0475   0.0911    6.2015    0.0000        497         48     0.0000       0.0000                 True
   host_cluster   0.9405   0.8622    0.0783   0.0555   0.1013    6.6509    0.0000        494         44     0.0000       0.0000                 True
  phage_cluster   0.8143   0.6935    0.1208   0.0651   0.1753    4.3209    0.0000         89         50     0.0013       0.0000                 True
combined_unseen   0.7472   0.6451    0.1022   0.0283   0.1771    2.6363    0.0084        162         75     0.0000       0.0084                 True
2026-06-14 01:14:28,792 [INFO] significance - Wrote significance_results.json + significance_*.csv
