2026-06-14 00:17:52,164 [INFO] precisionphage.data.load - [load] kept 8849/8849 rows from studies ['NCBI_HR', 'NahantCollection', 'StaphStudy']
2026-06-14 00:17:52,228 [INFO] precisionphage.data.load - [load] canonical pairs=8849 pos=2770 neg=6079 phages=2331 hosts=387 species=380 genera=122 conflicts=0
2026-06-14 00:17:53,191 [INFO] precisionphage.data.genomes - [genomes] indexed 2184 FASTA files across 1 dir(s)
2026-06-14 00:17:53,384 [INFO] precisionphage.data.genomes - [genomes] indexed 415 FASTA files across 1 dir(s)
2026-06-14 00:17:53,660 [INFO] precisionphage.features.assembly - [assembly] covered subset: 1947 pairs (pos=1488 neg=459) over 1418 phages, 323 hosts
2026-06-14 00:18:09,130 [INFO] precisionphage.features.genomic - [features] node matrix (1418, 212); genomes present for 1418/1418 entities (8 workers)
2026-06-14 00:20:36,138 [INFO] precisionphage.features.genomic - [features] node matrix (323, 212); genomes present for 323/323 entities (8 workers)
2026-06-14 00:20:36,263 [INFO] precisionphage.features.assembly - [assembly] merged seq pair features (12 cols) from cache
2026-06-14 00:20:36,263 [INFO] precisionphage.features.assembly - [assembly] edge dim=20 (['cos_dist', 'l1', 'pearson', 'jaccard', 'k3dist', 'k6dist', 'GCdiff', 'Homology', 'hom16_frac_kmers', 'hom16_cov_frac', 'hom16_log_shared', 'hom16_longest_frac', 'hom20_frac_kmers', 'hom20_cov_frac', 'hom20_log_shared', 'hom20_longest_frac', 'crispr_n_spacers', 'crispr_n_hits', 'crispr_best_frac', 'crispr_has_hit'])
2026-06-14 00:20:36,275 [INFO] significance - [clusters] loaded cached assignments from clusters_k21_d0.05.json
2026-06-14 00:28:27,351 [INFO] significance - [loso_species] pooled n=1057 (pos=804) collected
2026-06-14 00:35:50,683 [INFO] significance - [host_cluster] pooled n=1082 (pos=826) collected
2026-06-14 00:40:26,770 [INFO] significance - [phage_cluster] pooled n=384 (pos=140) collected
2026-06-14 00:42:45,519 [INFO] significance - [combined_unseen] pooled n=398 (pos=294) collected
2026-06-14 00:46:17,441 [INFO] significance - SKILL vs CHANCE (AUC CI + permutation, BH-corrected):
         regime model    auc  auc_lo  auc_hi    ece  perm_p  perm_q_bh  above_chance_fdr05
   loso_species   GBM 0.9596  0.9461  0.9732 0.0421   0.001      0.001                True
   loso_species   GNN 0.8837  0.8575  0.9099 0.4950   0.001      0.001                True
   host_cluster   GBM 0.9479  0.9317  0.9641 0.0673   0.001      0.001                True
   host_cluster   GNN 0.8622  0.8345  0.8900 0.5249   0.001      0.001                True
  phage_cluster   GBM 0.8249  0.7834  0.8664 0.3972   0.001      0.001                True
  phage_cluster   GNN 0.6935  0.6395  0.7475 0.4194   0.001      0.001                True
combined_unseen   GBM 0.7859  0.7396  0.8323 0.1181   0.001      0.001                True
combined_unseen   GNN 0.6451  0.5809  0.7092 0.4377   0.001      0.001                True
2026-06-14 00:46:17,446 [INFO] significance - MODEL COMPARISON GBM vs GNN (DeLong/McNemar, BH-corrected):
         regime  auc_gbm  auc_gnn  auc_diff  diff_lo  diff_hi  delong_z  delong_p  mcnemar_b  mcnemar_c  mcnemar_p  delong_q_bh  gbm_beats_gnn_fdr05
   loso_species   0.9596   0.8837    0.0760   0.0550   0.0975    6.9880       0.0        479         38     0.0000          0.0                 True
   host_cluster   0.9479   0.8622    0.0857   0.0637   0.1082    7.4248       0.0        482         35     0.0000          0.0                 True
  phage_cluster   0.8249   0.6935    0.1315   0.0772   0.1850    4.8008       0.0         37         61     0.0202          0.0                 True
combined_unseen   0.7859   0.6451    0.1409   0.0747   0.2087    4.0730       0.0        157         64     0.0000          0.0                 True
2026-06-14 00:46:17,446 [INFO] significance - Wrote significance_results.json + significance_*.csv
