2026-06-13 19:02:35,345 [INFO] precisionphage.data.load - [load] kept 8849/8849 rows from studies ['NCBI_HR', 'NahantCollection', 'StaphStudy']
2026-06-13 19:02:35,402 [INFO] precisionphage.data.load - [load] canonical pairs=8849 pos=2770 neg=6079 phages=2331 hosts=387 species=380 genera=122 conflicts=0
2026-06-13 19:02:36,275 [INFO] precisionphage.data.genomes - [genomes] indexed 2184 FASTA files across 1 dir(s)
2026-06-13 19:02:36,442 [INFO] precisionphage.data.genomes - [genomes] indexed 415 FASTA files across 1 dir(s)
2026-06-13 19:02:36,672 [INFO] precisionphage.features.assembly - [assembly] covered subset: 1947 pairs (pos=1488 neg=459) over 1418 phages, 323 hosts
2026-06-13 19:02:46,346 [INFO] precisionphage.features.genomic - [features] node matrix (1418, 212); genomes present for 1418/1418 entities (8 workers)
2026-06-13 19:04:22,288 [INFO] precisionphage.features.genomic - [features] node matrix (323, 212); genomes present for 323/323 entities (8 workers)
2026-06-13 19:04:22,401 [INFO] precisionphage.features.assembly - [assembly] edge dim=8 (['cos_dist', 'l1', 'pearson', 'jaccard', 'k3dist', 'k6dist', 'GCdiff', 'Homology'])
2026-06-13 19:04:22,407 [INFO] significance - Sketching + clustering genomes (k=21) ...
2026-06-13 19:04:32,017 [INFO] precisionphage.splits.cluster - [cluster] sketched 1418 entities (k=21, num=256); 1418 with genomes
2026-06-13 19:06:29,517 [INFO] precisionphage.splits.cluster - [cluster] sketched 323 entities (k=21, num=256); 323 with genomes
2026-06-13 19:08:41,436 [INFO] precisionphage.splits.cluster - [cluster] 1418 entities -> 934 clusters at Mash d<=0.050 (Jaccard>=0.212, 1003426 comparisons)
2026-06-13 19:08:48,130 [INFO] precisionphage.splits.cluster - [cluster] 323 entities -> 297 clusters at Mash d<=0.050 (Jaccard>=0.212, 51968 comparisons)
2026-06-13 19:11:39,438 [INFO] significance - [loso_species] pooled n=1057 (pos=804) collected
2026-06-13 19:14:16,914 [INFO] significance - [host_cluster] pooled n=1082 (pos=826) collected
2026-06-13 19:16:43,633 [INFO] significance - [phage_cluster] pooled n=384 (pos=140) collected
2026-06-13 19:17:47,288 [INFO] significance - [combined_unseen] pooled n=398 (pos=294) collected
2026-06-13 19:20:53,452 [INFO] significance - SKILL vs CHANCE (AUC CI + permutation, BH-corrected):
         regime model    auc  auc_lo  auc_hi    ece  perm_p  perm_q_bh  above_chance_fdr05
   loso_species   GBM 0.9589  0.9454  0.9724 0.0264   0.001     0.0011                True
   loso_species   GNN 0.8935  0.8661  0.9209 0.6229   0.001     0.0011                True
   host_cluster   GBM 0.9441  0.9277  0.9606 0.0751   0.001     0.0011                True
   host_cluster   GNN 0.8650  0.8355  0.8945 0.6280   0.001     0.0011                True
  phage_cluster   GBM 0.8523  0.8142  0.8903 0.4544   0.001     0.0011                True
  phage_cluster   GNN 0.5575  0.4965  0.6186 0.4311   0.032     0.0320                True
combined_unseen   GBM 0.7483  0.6945  0.8020 0.1920   0.001     0.0011                True
combined_unseen   GNN 0.6232  0.5618  0.6846 0.4541   0.001     0.0011                True
2026-06-13 19:20:53,457 [INFO] significance - MODEL COMPARISON GBM vs GNN (DeLong/McNemar, BH-corrected):
         regime  auc_gbm  auc_gnn  auc_diff  diff_lo  diff_hi  delong_z  delong_p  mcnemar_b  mcnemar_c  mcnemar_p  delong_q_bh  gbm_beats_gnn_fdr05
   loso_species   0.9589   0.8935    0.0654   0.0435   0.0887    5.6786    0.0000        631         38     0.0000       0.0000                 True
   host_cluster   0.9441   0.8650    0.0791   0.0538   0.1056    5.9833    0.0000        592         30     0.0000       0.0000                 True
  phage_cluster   0.8523   0.5575    0.2947   0.2355   0.3536    9.7833    0.0000         76         85     0.5284       0.0000                 True
combined_unseen   0.7483   0.6232    0.1250   0.0522   0.1980    3.3313    0.0009        167         73     0.0000       0.0009                 True
2026-06-13 19:20:53,457 [INFO] significance - Wrote significance_results.json + significance_*.csv
